// Jest Snapshot v1, https://goo.gl/fbAQLP

exports[`server tests should GET an empty list of tokens for that user 1`] = `
Object {
  "data": Array [],
  "method": "GET",
  "url": Any<String>,
}
`;

exports[`server tests should create a new token for that users 1`] = `
Object {
  "data": Object {
    "token": Any<String>,
  },
  "method": "POST",
  "url": "/api/v3/authtokens",
}
`;
