// Jest Snapshot v1, https://goo.gl/fbAQLP

exports[`signin POST tests should be happy since the email exists 1`] = `
Array [
  Object {
    "date": Any<String>,
    "from": "<info@stadtpuls.com>",
    "id": Any<String>,
    "mailbox": "me",
    "posix-millis": Any<Number>,
    "seen": false,
    "size": Any<Number>,
    "subject": "Your Magic Link",
    "to": Array [
      "<me@email.com>",
    ],
  },
]
`;
