// Jest Snapshot v1, https://goo.gl/fbAQLP

exports[`signup POST tests should create a new user and user profile with a username 1`] = `
Array [
  Object {
    "date": Any<String>,
    "from": "<info@stadtpuls.com>",
    "id": Any<String>,
    "mailbox": "me",
    "posix-millis": Any<Number>,
    "seen": false,
    "size": 539,
    "subject": "Your Magic Link",
    "to": Array [
      "<me@email.com>",
    ],
  },
]
`;
